// Jest Snapshot v1, https://goo.gl/fbAQLP

exports[`Test on <GifGridItem /> display <GifFridItem /> correctly 1`] = `
<div
  className="card animate__animated animate__fadeIn"
>
  <img
    alt="oneplus"
    src="https://url.com"
  />
  <p>
    oneplus
  </p>
</div>
`;
